loading annotations into memory...
Done (t=0.41s)
creating index...
index created!
[A2] 50/300 (38s)
[A2] 100/300 (75s)
[A2] 150/300 (112s)
[A2] 200/300 (149s)
[A2] 250/300 (187s)
[A2] 300/300 (223s)
loading annotations into memory...
Done (t=0.40s)
creating index...
index created!

=== (a) CKA(R50, target) ảnh sạch, stage 1..4 ===
r101       0.875 [0.870,0.880]  0.852 [0.848,0.855]  0.808 [0.803,0.813]  0.856 [0.851,0.860]
convnext_t 0.460 [0.454,0.466]  0.580 [0.574,0.586]  0.569 [0.563,0.575]  0.746 [0.740,0.752]
swin_t     0.656 [0.647,0.666]  0.683 [0.676,0.691]  0.626 [0.621,0.632]  0.603 [0.594,0.613]

=== (b) distortion D_k (mean) ===
MI-FGSM    r50        0.354  0.730  1.071  1.396
MI-FGSM    r101       0.225  0.603  0.778  0.808
MI-FGSM    convnext_t 0.448  0.310  0.370  0.438
MI-FGSM    swin_t     0.343  0.490  0.533  0.352
M-DI2-FGSM r50        0.344  0.685  0.995  1.260
M-DI2-FGSM r101       0.222  0.600  0.854  0.944
M-DI2-FGSM convnext_t 0.458  0.331  0.462  0.571
M-DI2-FGSM swin_t     0.342  0.511  0.630  0.454
OSFD       r50        0.342  0.808  1.314  1.505
OSFD       r101       0.217  0.698  1.182  1.309
OSFD       convnext_t 0.481  0.410  0.708  0.831
OSFD       swin_t     0.340  0.582  0.932  0.717

=== separation D_k(R101) - D_k(cross) [CI] ===
MI-FGSM    convnext_t -0.223 [-0.228,-0.217]  0.293 [0.283,0.303]  0.408 [0.398,0.417]  0.370 [0.359,0.381]
MI-FGSM    swin_t     -0.118 [-0.121,-0.114]  0.113 [0.106,0.120]  0.244 [0.238,0.250]  0.456 [0.444,0.470]
M-DI2-FGSM convnext_t -0.236 [-0.241,-0.230]  0.269 [0.259,0.279]  0.392 [0.382,0.400]  0.373 [0.361,0.385]
M-DI2-FGSM swin_t     -0.120 [-0.123,-0.116]  0.089 [0.082,0.095]  0.224 [0.218,0.228]  0.490 [0.477,0.503]
OSFD       convnext_t -0.264 [-0.270,-0.257]  0.288 [0.275,0.300]  0.473 [0.459,0.487]  0.479 [0.454,0.502]
OSFD       swin_t     -0.123 [-0.126,-0.119]  0.116 [0.107,0.125]  0.250 [0.241,0.259]  0.592 [0.567,0.616]

=== separation_k - separation_1 (k=2..4) [CI] ===
MI-FGSM    convnext_t 0.516 [0.502,0.529]  0.630 [0.618,0.642]  0.593 [0.581,0.605]
MI-FGSM    swin_t     0.231 [0.223,0.239]  0.362 [0.355,0.369]  0.574 [0.561,0.588]
M-DI2-FGSM convnext_t 0.505 [0.491,0.519]  0.627 [0.615,0.639]  0.608 [0.596,0.621]
M-DI2-FGSM swin_t     0.208 [0.201,0.216]  0.343 [0.337,0.350]  0.610 [0.597,0.623]
OSFD       convnext_t 0.552 [0.534,0.569]  0.737 [0.719,0.755]  0.742 [0.718,0.766]
OSFD       swin_t     0.239 [0.229,0.249]  0.373 [0.364,0.382]  0.715 [0.691,0.739]

=== Spearman(D_k, retained confidence) theo target ===
MI-FGSM    r101       -0.217 [-0.329,-0.094]  -0.311 [-0.421,-0.187]  -0.331 [-0.445,-0.205]  -0.382 [-0.488,-0.265]
MI-FGSM    convnext_t -0.329 [-0.436,-0.224]  -0.328 [-0.433,-0.224]  -0.402 [-0.502,-0.300]  -0.410 [-0.512,-0.306]
MI-FGSM    swin_t     -0.192 [-0.305,-0.074]  -0.231 [-0.341,-0.114]  -0.270 [-0.383,-0.150]  -0.344 [-0.447,-0.232]
M-DI2-FGSM r101       -0.166 [-0.281,-0.048]  -0.286 [-0.397,-0.162]  -0.299 [-0.407,-0.169]  -0.314 [-0.415,-0.191]
M-DI2-FGSM convnext_t -0.434 [-0.534,-0.327]  -0.401 [-0.499,-0.289]  -0.421 [-0.517,-0.308]  -0.482 [-0.569,-0.377]
M-DI2-FGSM swin_t     -0.296 [-0.404,-0.174]  -0.331 [-0.438,-0.218]  -0.360 [-0.465,-0.247]  -0.432 [-0.525,-0.333]
OSFD       r101       -0.212 [-0.324,-0.090]  -0.354 [-0.456,-0.246]  -0.376 [-0.480,-0.270]  -0.124 [-0.238,-0.011]
OSFD       convnext_t -0.477 [-0.578,-0.376]  -0.480 [-0.572,-0.381]  -0.482 [-0.569,-0.386]  -0.579 [-0.659,-0.494]
OSFD       swin_t     -0.372 [-0.478,-0.258]  -0.411 [-0.517,-0.297]  -0.460 [-0.558,-0.353]  -0.528 [-0.620,-0.432]

=== transfer per-ảnh (mean): suppression / retained ===
MI-FGSM    r50: 0.955/0.045  r101: 0.528/0.438  convnext_t: 0.317/0.655  swin_t: 0.254/0.709
M-DI2-FGSM r50: 0.920/0.082  r101: 0.750/0.232  convnext_t: 0.519/0.442  swin_t: 0.425/0.540
OSFD       r50: 0.977/0.025  r101: 0.900/0.096  convnext_t: 0.741/0.237  swin_t: 0.699/0.272
saved: /workspace/transfer-attack-final/results/mechanism/a2_features.json
