loading annotations into memory...
Done (t=0.41s)
creating index...
index created!
[A3 attack stage1] 25/100 (50s)
[A3 attack stage1] 50/100 (102s)
[A3 attack stage1] 75/100 (153s)
[A3 attack stage1] 100/100 (205s)
[A3 attack stage2] 25/100 (262s)
[A3 attack stage2] 50/100 (321s)
[A3 attack stage2] 75/100 (379s)
[A3 attack stage2] 100/100 (438s)
[A3 attack stage3] 25/100 (505s)
[A3 attack stage3] 50/100 (573s)
[A3 attack stage3] 75/100 (641s)
[A3 attack stage3] 100/100 (709s)
[A3 attack stage4] 25/100 (780s)
[A3 attack stage4] 50/100 (854s)
[A3 attack stage4] 75/100 (926s)
[A3 attack stage4] 100/100 (1000s)
loading annotations into memory...
Done (t=0.40s)
creating index...
index created!
[A3 eval core] 25/100
[A3 eval core] 50/100
[A3 eval core] 75/100
[A3 eval core] 100/100
[A3 eval desc] mrcnn_swin_s xong
  return _VF.meshgrid(tensors, **kwargs)  # type: ignore[attr-defined]
[A3 eval desc] dino_swin_l xong
DONE (t=0.00s)
creating index...
index created!
DONE (t=0.00s)
creating index...
index created!
DONE (t=0.00s)
creating index...
index created!
DONE (t=0.00s)
creating index...
index created!
DONE (t=0.00s)
creating index...
index created!
DONE (t=0.01s)
creating index...
index created!
DONE (t=0.01s)
creating index...
index created!
DONE (t=0.01s)
creating index...
index created!
DONE (t=0.01s)
creating index...
index created!
DONE (t=0.01s)
creating index...
index created!
DONE (t=0.00s)
creating index...
index created!
DONE (t=0.01s)
creating index...
index created!
DONE (t=0.00s)
creating index...
index created!
DONE (t=0.00s)
creating index...
index created!
DONE (t=0.00s)
creating index...
index created!
DONE (t=0.00s)
creating index...
index created!
DONE (t=0.00s)
creating index...
index created!
DONE (t=0.02s)
creating index...
index created!
DONE (t=0.00s)
creating index...
index created!
DONE (t=0.00s)
creating index...
index created!
DONE (t=0.00s)
creating index...
index created!
DONE (t=0.00s)
creating index...
index created!
DONE (t=0.00s)
creating index...
index created!
DONE (t=0.02s)
creating index...
index created!
DONE (t=0.01s)
creating index...
index created!
DONE (t=0.01s)
creating index...
index created!
DONE (t=0.01s)
creating index...
index created!
DONE (t=0.01s)
creating index...
index created!
DONE (t=0.01s)
creating index...
index created!
DONE (t=0.02s)
creating index...
index created!
DONE (t=0.01s)
creating index...
index created!
DONE (t=0.01s)
creating index...
index created!
DONE (t=0.01s)
creating index...
index created!
DONE (t=0.00s)
creating index...
index created!
DONE (t=0.00s)
creating index...
index created!
DONE (t=0.02s)
creating index...
index created!

=== relative AP drop % (n=100, B=50) — lõi: r101/convnext_t/swin_t; mô tả: ['mrcnn_swin_s', 'dino_swin_l'] ===
                          r50                 r101           convnext_t               swin_t         mrcnn_swin_s          dino_swin_l
all        98.3 [ 96.2, 99.7]   92.2 [ 88.4, 97.0]   80.6 [ 74.3, 84.9]   77.6 [ 71.0, 82.1]   73.5 [ 66.4, 77.5]   27.2 [ 20.3, 31.3]
stage1     22.0 [ 14.4, 25.5]   15.9 [ 10.5, 19.7]    8.8 [  4.2, 13.1]   11.3 [  5.6, 15.2]    7.8 [  3.7, 10.8]    2.4 [ -1.1,  6.6]
stage2     47.2 [ 38.1, 50.9]   42.6 [ 33.5, 45.5]   29.8 [ 22.8, 33.9]   29.4 [ 23.0, 34.5]   22.8 [ 16.3, 27.7]    6.3 [  1.9,  9.7]
stage3     96.1 [ 92.3, 98.4]   86.7 [ 82.2, 92.0]   71.9 [ 65.1, 76.8]   72.1 [ 66.5, 77.1]   65.8 [ 58.2, 70.6]   22.3 [ 16.5, 26.0]
stage4     98.3 [ 94.8, 99.8]   93.8 [ 89.7, 97.1]   80.5 [ 74.2, 84.9]   73.2 [ 66.6, 77.7]   69.2 [ 61.1, 72.5]   18.7 [ 13.4, 23.6]

=== interaction (Δ_cross − Δ_R101) ===
  stage1 vs stage2 | convnext_t    ΔR101 -26.7 [-30.0,-18.7]  Δcross -21.0 [-24.9,-14.6]  inter   5.7 [ -1.7, 11.2]
  stage1 vs stage2 | swin_t        ΔR101 -26.7 [-30.0,-18.7]  Δcross -18.1 [-23.7,-13.1]  inter   8.6 [ -0.8, 12.4]
  stage1 vs stage3 | convnext_t    ΔR101 -70.8 [-78.1,-65.3]  Δcross -63.1 [-69.4,-55.1]  inter   7.7 [  1.7, 17.2]
  stage1 vs stage3 | swin_t        ΔR101 -70.8 [-78.1,-65.3]  Δcross -60.8 [-67.8,-54.3]  inter  10.0 [  3.6, 17.7]
  stage1 vs stage4 | convnext_t    ΔR101 -77.9 [-84.1,-72.8]  Δcross -71.7 [-78.1,-63.6]  inter   6.2 [ -0.6, 15.0]
  stage1 vs stage4 | swin_t        ΔR101 -77.9 [-84.1,-72.8]  Δcross -61.9 [-68.7,-54.2]  inter  16.0 [  9.5, 24.8]
  stage2 vs stage3 | convnext_t    ΔR101 -44.2 [-54.0,-41.3]  Δcross -42.1 [-49.5,-36.1]  inter   2.0 [ -2.7, 11.9]
  stage2 vs stage3 | swin_t        ΔR101 -44.2 [-54.0,-41.3]  Δcross -42.7 [-48.8,-36.0]  inter   1.4 [ -1.4, 11.7]
  stage2 vs stage4 | convnext_t    ΔR101 -51.2 [-60.0,-48.0]  Δcross -50.7 [-58.1,-45.2]  inter   0.5 [ -5.1,  9.8]
  stage2 vs stage4 | swin_t        ΔR101 -51.2 [-60.0,-48.0]  Δcross -43.8 [-49.4,-36.5]  inter   7.4 [  4.0, 18.2]
  stage3 vs stage4 | convnext_t    ΔR101  -7.1 [ -9.9, -3.0]  Δcross  -8.6 [-13.0, -4.8]  inter  -1.5 [ -6.4,  2.2]
  stage3 vs stage4 | swin_t        ΔR101  -7.1 [ -9.9, -3.0]  Δcross  -1.1 [ -4.0,  3.5]  inter   6.0 [  1.6, 11.0]

=== alignment sign (∇ OSFD stage k vs ∇ task target) ===
  stage1: r101 0.5002  convnext_t 0.5007  swin_t 0.5004
  stage2: r101 0.5004  convnext_t 0.5003  swin_t 0.5001
  stage3: r101 0.4994  convnext_t 0.4996  swin_t 0.4995
  stage4: r101 0.4993  convnext_t 0.5001  swin_t 0.4999

criterion: {'reversals': [], 'A3_pass': False}
saved: /workspace/transfer-attack-final/results/mechanism/a3_stage_attack.json
