Loads checkpoint by local backend from path: /workspace/transfer-attack-final/checkpoints/mask_rcnn_r50_fpn_mstrain-poly_3x_coco_20210524_201154-21b550bb.pth
Loads checkpoint by local backend from path: /workspace/transfer-attack-final/checkpoints/mask_rcnn_r101_fpn_mstrain-poly_3x_coco_20210524_200244-5675c317.pth
Loads checkpoint by local backend from path: /workspace/transfer-attack-final/checkpoints/mask_rcnn_convnext-t_p4_w7_fpn_fp16_ms-crop_3x_coco_20220426_154953-050731f4.pth
Loads checkpoint by local backend from path: /workspace/transfer-attack-final/checkpoints/mask_rcnn_swin-t-p4-w7_fpn_fp16_ms-crop-3x_coco_20210908_165006-90a4008c.pth
loading annotations into memory...
Done (t=0.30s)
creating index...
index created!
loading annotations into memory...
Done (t=0.40s)
creating index...
index created!
[1/30] img_id=776 (14.3s)
[2/30] img_id=1584 (9.7s)
[3/30] img_id=2261 (14.4s)
[4/30] img_id=5529 (13.9s)
[5/30] img_id=6040 (14.5s)
[6/30] img_id=9448 (11.7s)
[7/30] img_id=12576 (13.5s)
[8/30] img_id=16228 (14.1s)
[9/30] img_id=17379 (13.4s)
[10/30] img_id=21167 (14.4s)
[11/30] img_id=22705 (13.3s)
[12/30] img_id=25228 (13.9s)
[13/30] img_id=26941 (14.3s)
[14/30] img_id=27696 (14.9s)
[15/30] img_id=27932 (11.1s)
[16/30] img_id=34873 (13.2s)
[17/30] img_id=39477 (14.2s)
[18/30] img_id=42102 (11.0s)
[19/30] img_id=43581 (14.3s)
[20/30] img_id=46872 (15.2s)
[21/30] img_id=47571 (10.5s)
[22/30] img_id=50828 (13.3s)
[23/30] img_id=52007 (13.3s)
[24/30] img_id=52591 (15.0s)
[25/30] img_id=53505 (14.3s)
[26/30] img_id=54123 (14.3s)
[27/30] img_id=54628 (13.5s)
[28/30] img_id=54654 (15.0s)
[29/30] img_id=54967 (14.4s)
[30/30] img_id=57027 (14.3s)
Loading and preparing results...
DONE (t=0.00s)
creating index...
index created!
Loading and preparing results...
DONE (t=0.00s)
creating index...
index created!
Loading and preparing results...
DONE (t=0.00s)
creating index...
index created!
Loading and preparing results...
DONE (t=0.00s)
creating index...
index created!
Loading and preparing results...
DONE (t=0.00s)
creating index...
index created!
Loading and preparing results...
DONE (t=0.00s)
creating index...
index created!
Loading and preparing results...
DONE (t=0.00s)
creating index...
index created!
Loading and preparing results...
DONE (t=0.00s)
creating index...
index created!
Loading and preparing results...
DONE (t=0.00s)
creating index...
index created!
Loading and preparing results...
DONE (t=0.00s)
creating index...
index created!
Loading and preparing results...
DONE (t=0.00s)
creating index...
index created!
Loading and preparing results...
DONE (t=0.00s)
creating index...
index created!
Loading and preparing results...
DONE (t=0.00s)
creating index...
index created!
Loading and preparing results...
DONE (t=0.00s)
creating index...
index created!
Loading and preparing results...
DONE (t=0.00s)
creating index...
index created!
Loading and preparing results...
DONE (t=0.00s)
creating index...
index created!
Loading and preparing results...
DONE (t=0.00s)
creating index...
index created!
Loading and preparing results...
DONE (t=0.00s)
creating index...
index created!
Loading and preparing results...
DONE (t=0.00s)
creating index...
index created!
Loading and preparing results...
DONE (t=0.00s)
creating index...
index created!
Loading and preparing results...
DONE (t=0.00s)
creating index...
index created!
Loading and preparing results...
DONE (t=0.00s)
creating index...
index created!
Loading and preparing results...
DONE (t=0.00s)
creating index...
index created!
Loading and preparing results...
DONE (t=0.00s)
creating index...
index created!
Loading and preparing results...
DONE (t=0.00s)
creating index...
index created!
Loading and preparing results...
DONE (t=0.00s)
creating index...
index created!
Loading and preparing results...
DONE (t=0.00s)
creating index...
index created!
Loading and preparing results...
DONE (t=0.00s)
creating index...
index created!
Loading and preparing results...
DONE (t=0.00s)
creating index...
index created!
Loading and preparing results...
DONE (t=0.00s)
creating index...
index created!
Loading and preparing results...
DONE (t=0.00s)
creating index...
index created!
Loading and preparing results...
DONE (t=0.00s)
creating index...
index created!
Loading and preparing results...
DONE (t=0.00s)
creating index...
index created!
Loading and preparing results...
DONE (t=0.00s)
creating index...
index created!
Loading and preparing results...
DONE (t=0.00s)
creating index...
index created!
Loading and preparing results...
DONE (t=0.00s)
creating index...
index created!

=== OSFD relative AP drop (%) theo B (n=30, eps=5.0, ảnh thật) ===
B              r50        r101  convnext_t      swin_t   cross-avg
10            92.2        74.6        52.7        52.0        52.3
20            97.9        90.2        72.8        67.8        70.3
30            99.2        92.6        78.7        69.0        73.9
50            99.4        95.3        79.6        78.1        78.8
75            99.7        96.3        81.7        78.2        79.9
100           99.6        97.0        83.5        79.3        81.4
150           99.8        97.4        82.7        79.0        80.8
200           99.8        97.5        85.2        80.1        82.7

attack runtime/ảnh (B=200): 12.1s
saved: /workspace/transfer-attack-final/results/budget_sweep/osfd_n30_Bmax200_20260923_124034.json
